Server running on port 3000
Client connected: t4CnuYgctRz2VKrgAAAB
Client disconnected: t4CnuYgctRz2VKrgAAAB
Client connected: Oe1bI66PAISp_G6mAAAD
Client disconnected: Oe1bI66PAISp_G6mAAAD
Client connected: 7iDj97pAzsnJ2Az0AAAF
Client disconnected: 7iDj97pAzsnJ2Az0AAAF
Client connected: F-dak0zFO87uzj2pAAAH
Client disconnected: F-dak0zFO87uzj2pAAAH
Client connected: e5n5T0zCCvJo-5iLAAAJ
Client disconnected: e5n5T0zCCvJo-5iLAAAJ
Client connected: ULENOC46I05oh8C2AAAL
Client disconnected: ULENOC46I05oh8C2AAAL
Client connected: WEQeCXYxkKqm2_53AAAN
Client disconnected: WEQeCXYxkKqm2_53AAAN
Client connected: Zbyb70gJXVhteK6JAAAP
Client disconnected: Zbyb70gJXVhteK6JAAAP
Client connected: tS82HHncttn0hNCiAAAR
Client disconnected: tS82HHncttn0hNCiAAAR
Client connected: d0mMsZEXPOoxG0V_AAAT
Client disconnected: d0mMsZEXPOoxG0V_AAAT
